[Licensing::Module] Trying to connect to existing licensing client channel...
Built from '6000.3/staging' branch; Version is '6000.3.12f1 (fca03ac9b0d5) revision 16556090'; Using compiler version '194234433'; Build Type 'Release'
[Licensing::IpcConnector] Successfully connected to: "LicenseClient-alsdn" at "2026-07-28T02:56:10.3830774Z"
OS: 'Windows 10  (10.0.19045) 64bit Core' Language: 'ko' Physical Memory: 32695 MB
BatchMode: 1, IsHumanControllingUs: 0, StartBugReporterOnCrash: 0, Is64bit: 1
System  architecture: x64
Process architecture: x64
Date: 2026-07-28T02:56:10Z

COMMAND LINE ARGUMENTS:
C:\Program Files\Unity\6000.3.12f1\Editor\Unity.exe
-batchmode
-nographics
-quit
-projectPath
c:\GitHub\RandomPlanetDefense
-executeMethod
EndRunOverlaySetup.SetupBatch
-logFile
c:\GitHub\RandomPlanetDefense\endrun-setup.log
Successfully changed project path to: c:\GitHub\RandomPlanetDefense
C:/GitHub/RandomPlanetDefense
Exiting without the bug reporter. Application will terminate with return code 1